cargo : warning: unused import: `AeadInPlace`
At line:1 char:1
+ cargo test --workspace > test_errors.txt 2>&1
+ ~~~~~~~~~~~~~~~~~~~~~~~~~~~~~~~~~~~~~~~~~~~~~
    + CategoryInfo          : NotSpecified: (warning: unused import: `AeadInPlace`:String) [], R 
   emoteException
    + FullyQualifiedErrorId : NativeCommandError
 
 --> core\src\crypto\encryptor.rs:9:18
  |
9 |     aead::{Aead, AeadInPlace},
  |                  ^^^^^^^^^^^
  |
  = note: `#[warn(unused_imports)]` (part of `#[warn(unused)]`) on by default

warning: unused import: `SALT_LENGTH`
 --> core\src\crypto\kdf.rs:5:52
  |
5 | use super::{CryptoError, CryptoResult, KEY_LENGTH, SALT_LENGTH};
  |                                                    ^^^^^^^^^^^

warning: unused import: `ZeroizeOnDrop`
 --> core\src\crypto\kdf.rs:8:24
  |
8 | use zeroize::{Zeroize, ZeroizeOnDrop, Zeroizing};
  |                        ^^^^^^^^^^^^^

warning: unused import: `zeroize::Zeroize`
 --> core\src\crypto\secure_compare.rs:5:5
  |
5 | use zeroize::Zeroize;
  |     ^^^^^^^^^^^^^^^^

warning: unused import: `AeadInPlace`
  --> core\src\crypto\mod.rs:23:18
   |
23 |     aead::{Aead, AeadInPlace},
   |                  ^^^^^^^^^^^

warning: unused import: `de::Error`
   --> core\src\ratchet\state.rs:353:43
    |
353 |     use serde::{Serializer, Deserializer, de::Error};
    |                                           ^^^^^^^^^

warning: unused import: `CryptoHandler`
  --> core\src\ratchet\session.rs:10:28
   |
10 | use super::super::crypto::{CryptoHandler, Encryptor, constant_time_eq, SecureRandom, Ratc...
   |                            ^^^^^^^^^^^^^

warning: unused import: `PreKeyBundle`
 --> core\src\handshake\builder.rs:5:45
  |
5 | use super::{HandshakeOutput, HandshakeRole, PreKeyBundle, HandshakeError};
  |                                             ^^^^^^^^^^^^

warning: unused imports: `X3dhKdf` and `constant_time_eq`
 --> core\src\handshake\builder.rs:8:35
  |
8 | use crate::crypto::{SecureRandom, X3dhKdf, constant_time_eq};
  |                                   ^^^^^^^  ^^^^^^^^^^^^^^^^

warning: unused import: `Signer`
   --> core\src\handshake\mod.rs:189:54
    |
189 |         use ed25519_dalek::{VerifyingKey, Signature, Signer, Verifier};
    |                                                      ^^^^^^

warning: unused import: `SecureRandom`
 --> core\src\keystore\mod.rs:7:36
  |
7 | use crate::crypto::{CryptoHandler, SecureRandom, constant_time_eq, constant_time_is_zero};
  |                                    ^^^^^^^^^^^^

warning: unused imports: `PublicKey` and `StaticSecret`
 --> core\src\group\mod.rs:7:20
  |
7 | use x25519_dalek::{PublicKey, StaticSecret};
  |                    ^^^^^^^^^  ^^^^^^^^^^^^

warning: unused import: `rand_core::OsRng`
 --> core\src\group\mod.rs:8:5
  |
8 | use rand_core::OsRng;
  |     ^^^^^^^^^^^^^^^^

warning: unused import: `KEY_LENGTH`
  --> core\src\group\mod.rs:15:68
   |
15 | use crate::crypto::{CryptoHandler, SecureRandom, constant_time_eq, KEY_LENGTH};
   |                                                                    ^^^^^^^^^^

warning: unused import: `crate::validation::limits`
  --> core\src\group\mod.rs:16:5
   |
16 | use crate::validation::limits;
   |     ^^^^^^^^^^^^^^^^^^^^^^^^^

warning: unused import: `ProtocolResult`
 --> core\src\validation.rs:6:35
  |
6 | use crate::error::{ProtocolError, ProtocolResult};
  |                                   ^^^^^^^^^^^^^^

warning: unused import: `StaticSecret`
  --> core\src\lib.rs:58:31
   |
58 | use x25519_dalek::{PublicKey, StaticSecret};
   |                               ^^^^^^^^^^^^

warning: field `config` is never read
   --> core\src\lib.rs:575:5
    |
573 | pub struct SessionManager {
    |            -------------- field in this struct
574 |     sessions: RwLock<std...
575 |     config: Config,
    |     ^^^^^^
    |
    = note: `#[warn(dead_code)]` (part of `#[warn(unused)]`) on by default

warning: field `key` is never read
   --> core\src\crypto\mod.rs:116:5
    |
114 | pub struct CryptoHandler {
    |            ------------- field in this struct
115 |     cipher: ChaCha20Poly1305,
116 |     key: Zeroizing<[u8; KEY_LENGTH]>,
    |     ^^^
    |
    = note: `CryptoHandler` has a derived impl for the trait `Clone`, but this is intentionally 
ignored during dead code analysis

warning: field `key` is never read
  --> core\src\crypto\encryptor.rs:31:5
   |
25 | pub struct Encryptor {
   |            --------- field in this struct
...
31 |     key: Zeroizing<[u8; KEY_LENGTH]>,
   |     ^^^

warning: constant `DEFAULT_ARGON2_ITERATIONS` is never used
  --> core\src\crypto\kdf.rs:20:7
   |
20 | const DEFAULT_ARGON2_ITERATIONS: u32 = 3;
   |       ^^^^^^^^^^^^^^^^^^^^^^^^^

warning: field `ratchet_config` is never read
  --> core\src\ratchet\session.rs:24:5
   |
21 | pub struct DoubleRatchetSession {
   |            -------------------- field in this struct
...
24 |     ratchet_config: RatchetConfig,
   |     ^^^^^^^^^^^^^^

warning: field `config` is never read
   --> core\src\handshake\builder.rs:189:5
    |
187 | pub struct X3dhHandshake {
    |            ------------- field in this struct
188 |     /// Configuration
189 |     config: Config,
    |     ^^^^^^

warning: missing documentation for an associated function
  --> core\src\crypto\random.rs:23:5
   |
23 |     pub fn new() -> CryptoResult<Self> {
   |     ^^^^^^^^^^^^^^^^^^^^^^^^^^^^^^^^^^
   |
note: the lint level is defined here
  --> core\src\lib.rs:19:9
   |
19 | #![warn(missing_docs)]
   |         ^^^^^^^^^^^^

warning: missing documentation for a method
  --> core\src\crypto\random.rs:33:5
   |
33 |     pub fn fill_bytes(&mut self, buf: &mut [u8]) {
   |     ^^^^^^^^^^^^^^^^^^^^^^^^^^^^^^^^^^^^^^^^^^^^

warning: missing documentation for a method
  --> core\src\crypto\random.rs:45:5
   |
45 |     pub fn next_u64(&mut self) -> u64 {
   |     ^^^^^^^^^^^^^^^^^^^^^^^^^^^^^^^^^

warning: missing documentation for a method
  --> core\src\crypto\random.rs:51:5
   |
51 |     pub fn next_u32(&mut self) -> u32 {
   |     ^^^^^^^^^^^^^^^^^^^^^^^^^^^^^^^^^

warning: missing documentation for a method
  --> core\src\crypto\random.rs:57:5
   |
57 |     pub fn gen_range(&mut self, max: u64) -> u64 {
   |     ^^^^^^^^^^^^^^^^^^^^^^^^^^^^^^^^^^^^^^^^^^^^

warning: missing documentation for a method
  --> core\src\crypto\random.rs:66:5
   |
66 |     pub fn gen_bytes(&mut self, len: usize) -> Vec<u8> {
   |     ^^^^^^^^^^^^^^^^^^^^^^^^^^^^^^^^^^^^^^^^^^^^^^^^^^

warning: missing documentation for a method
  --> core\src\crypto\random.rs:84:5
   |
84 |     pub fn bytes_generated(&self) -> u64 { self.bytes_generated }
   |     ^^^^^^^^^^^^^^^^^^^^^^^^^^^^^^^^^^^^

warning: missing documentation for a method
  --> core\src\crypto\random.rs:85:5
   |
85 |     pub fn needs_reseed(&self) -> bool { self.bytes_generated >= self.max_bytes_before_re...
   |     ^^^^^^^^^^^^^^^^^^^^^^^^^^^^^^^^^^

warning: missing documentation for a function
   --> core\src\crypto\random.rs:131:1
    |
131 | pub fn random_bytes(buf: &mut [u8]) {
    | ^^^^^^^^^^^^^^^^^^^^^^^^^^^^^^^^^^^

warning: missing documentation for a function
   --> core\src\crypto\random.rs:136:1
    |
136 | pub fn random_vec(len: usize) -> Vec<u8> {
    | ^^^^^^^^^^^^^^^^^^^^^^^^^^^^^^^^^^^^^^^^

warning: missing documentation for a function
   --> core\src\crypto\random.rs:142:1
    |
142 | pub fn random_u64() -> u64 {
    | ^^^^^^^^^^^^^^^^^^^^^^^^^^

warning: missing documentation for a function
   --> core\src\crypto\random.rs:146:1
    |
146 | pub fn shuffle<T>(slice: &mut [T]) {
    | ^^^^^^^^^^^^^^^^^^^^^^^^^^^^^^^^^^

warning: missing documentation for a function
   --> core\src\crypto\random.rs:157:1
    |
157 | pub fn random_alphanumeric(len: usize) -> String {
    | ^^^^^^^^^^^^^^^^^^^^^^^^^^^^^^^^^^^^^^^^^^^^^^^^

warning: missing documentation for a function
   --> core\src\crypto\random.rs:164:1
    |
164 | pub fn check_entropy() -> CryptoResult<()> {
    | ^^^^^^^^^^^^^^^^^^^^^^^^^^^^^^^^^^^^^^^^^^

warning: missing documentation for a struct
  --> core\src\ratchet\chain.rs:16:1
   |
16 | pub struct ChainKey {
   | ^^^^^^^^^^^^^^^^^^^

warning: missing documentation for a struct field
  --> core\src\ratchet\chain.rs:17:5
   |
17 |     pub key: [u8; 32],
   |     ^^^^^^^^^^^^^^^^^

warning: missing documentation for a struct field
  --> core\src\ratchet\chain.rs:18:5
   |
18 |     pub index: u64,
   |     ^^^^^^^^^^^^^^

warning: missing documentation for a struct field
  --> core\src\ratchet\chain.rs:19:5
   |
19 |     pub created_at: u64,
   |     ^^^^^^^^^^^^^^^^^^^

warning: missing documentation for a struct field
  --> core\src\ratchet\chain.rs:20:5
   |
20 |     pub max_messages: u64,
   |     ^^^^^^^^^^^^^^^^^^^^^

warning: missing documentation for an associated constant
  --> core\src\ratchet\chain.rs:24:5
   |
24 |     pub const DEFAULT_MAX_MESSAGES: u64 = 1000;
   |     ^^^^^^^^^^^^^^^^^^^^^^^^^^^^^^^^^^^

warning: missing documentation for an associated function
  --> core\src\ratchet\chain.rs:26:5
   |
26 |     pub fn new(key: [u8; 32]) -> Self {
   |     ^^^^^^^^^^^^^^^^^^^^^^^^^^^^^^^^^

warning: missing documentation for an associated function
  --> core\src\ratchet\chain.rs:34:5
   |
34 |     pub fn with_max_messages(key: [u8; 32], max_messages: u64) -> Self {
   |     ^^^^^^^^^^^^^^^^^^^^^^^^^^^^^^^^^^^^^^^^^^^^^^^^^^^^^^^^^^^^^^^^^^

warning: missing documentation for a method
  --> core\src\ratchet\chain.rs:51:5
   |
51 |     pub fn derive_header_key(&self) -> Option<[u8; 32]> {
   |     ^^^^^^^^^^^^^^^^^^^^^^^^^^^^^^^^^^^^^^^^^^^^^^^^^^^

warning: missing documentation for a method
  --> core\src\ratchet\chain.rs:66:5
   |
66 |     pub fn index(&self) -> u64 { self.index }
   |     ^^^^^^^^^^^^^^^^^^^^^^^^^^

warning: missing documentation for a method
  --> core\src\ratchet\chain.rs:68:5
   |
68 |     pub fn age_secs(&self) -> u64 {
   |     ^^^^^^^^^^^^^^^^^^^^^^^^^^^^^

warning: missing documentation for a method
  --> core\src\ratchet\chain.rs:76:5
   |
76 |     pub fn needs_rotation(&self) -> bool {
   |     ^^^^^^^^^^^^^^^^^^^^^^^^^^^^^^^^^^^^

warning: missing documentation for a method
  --> core\src\ratchet\chain.rs:80:5
   |
80 |     pub fn remaining_messages(&self) -> u64 {
   |     ^^^^^^^^^^^^^^^^^^^^^^^^^^^^^^^^^^^^^^^

warning: missing documentation for a method
  --> core\src\ratchet\chain.rs:84:5
   |
84 |     pub fn clone_key(&self) -> [u8; 32] { self.key }
   |     ^^^^^^^^^^^^^^^^^^^^^^^^^^^^^^^^^^^

warning: missing documentation for a struct
  --> core\src\ratchet\session.rs:21:1
   |
21 | pub struct DoubleRatchetSession {
   | ^^^^^^^^^^^^^^^^^^^^^^^^^^^^^^^

warning: missing documentation for an associated function
  --> core\src\ratchet\session.rs:33:5
   |
33 |     pub fn new(config: Config) -> ProtocolResult<Self> {
   |     ^^^^^^^^^^^^^^^^^^^^^^^^^^^^^^^^^^^^^^^^^^^^^^^^^^

warning: missing documentation for a method
   --> core\src\ratchet\session.rs:137:5
    |
137 |     pub fn encrypt(&self, plaintext: &[u8], associated_data: &[u8]) -> 
ProtocolResult<Vec<u8>> {
    |     
^^^^^^^^^^^^^^^^^^^^^^^^^^^^^^^^^^^^^^^^^^^^^^^^^^^^^^^^^^^^^^^^^^^^^^^^^^^^^^^^^^^^^^^^^^

warning: missing documentation for a method
   --> core\src\ratchet\session.rs:193:5
    |
193 |     pub fn decrypt(&self, message: &[u8], associated_data: &[u8]) -> 
ProtocolResult<Vec<u8>> {
    |     
^^^^^^^^^^^^^^^^^^^^^^^^^^^^^^^^^^^^^^^^^^^^^^^^^^^^^^^^^^^^^^^^^^^^^^^^^^^^^^^^^^^^^^^^

warning: missing documentation for a method
   --> core\src\ratchet\session.rs:346:5
    |
346 |     pub fn session_id(&self) -> &str { &self.session_id }
    |     ^^^^^^^^^^^^^^^^^^^^^^^^^^^^^^^^

warning: missing documentation for a method
   --> core\src\ratchet\session.rs:347:5
    |
347 |     pub fn set_peer_id(&mut self, peer_id: String) { self.peer_id = Some(peer_id); }
    |     ^^^^^^^^^^^^^^^^^^^^^^^^^^^^^^^^^^^^^^^^^^^^^^

warning: missing documentation for a method
   --> core\src\ratchet\session.rs:348:5
    |
348 |     pub fn peer_id(&self) -> Option<&str> { self.peer_id.as_deref() }
    |     ^^^^^^^^^^^^^^^^^^^^^^^^^^^^^^^^^^^^^

warning: missing documentation for a method
   --> core\src\ratchet\session.rs:349:5
    |
349 |     pub fn message_stats(&self) -> (u64, u64) {
    |     ^^^^^^^^^^^^^^^^^^^^^^^^^^^^^^^^^^^^^^^^^

warning: missing documentation for a method
   --> core\src\ratchet\session.rs:355:5
    |
355 |     pub fn age(&self) -> std::time::Duration { self.created_at.elapsed() }
    |     ^^^^^^^^^^^^^^^^^^^^^^^^^^^^^^^^^^^^^^^^

warning: missing documentation for a method
   --> core\src\ratchet\session.rs:356:5
    |
356 |     pub fn state_summary(&self) -> super::StateSummary { self.state.read().summary() }
    |     ^^^^^^^^^^^^^^^^^^^^^^^^^^^^^^^^^^^^^^^^^^^^^^^^^^

warning: missing documentation for a method
   --> core\src\ratchet\session.rs:357:5
    |
357 |     pub fn is_expired(&self) -> bool { self.state.read().is_expired() }
    |     ^^^^^^^^^^^^^^^^^^^^^^^^^^^^^^^^

warning: missing documentation for a method
   --> core\src\ratchet\session.rs:359:5
    |
359 |     pub fn serialize_state(&self) -> ProtocolResult<Vec<u8>> {
    |     ^^^^^^^^^^^^^^^^^^^^^^^^^^^^^^^^^^^^^^^^^^^^^^^^^^^^^^^^

warning: missing documentation for a method
   --> core\src\ratchet\session.rs:365:5
    |
365 |     pub fn deserialize_state(&self, data: &[u8]) -> ProtocolResult<()> {
    |     ^^^^^^^^^^^^^^^^^^^^^^^^^^^^^^^^^^^^^^^^^^^^^^^^^^^^^^^^^^^^^^^^^^

warning: missing documentation for a struct
  --> core\src\handshake\mod.rs:58:1
   |
58 | pub struct HandshakeOutput {
   | ^^^^^^^^^^^^^^^^^^^^^^^^^^

warning: missing documentation for a struct field
   --> core\src\rate_limit.rs:125:9
    |
125 |         operation: String,
    |         ^^^^^^^^^^^^^^^^^

warning: missing documentation for a struct field
   --> core\src\rate_limit.rs:126:9
    |
126 |         limit_type: String,
    |         ^^^^^^^^^^^^^^^^^^

warning: missing documentation for a struct field
   --> core\src\rate_limit.rs:127:9
    |
127 |         retry_after: Duration,
    |         ^^^^^^^^^^^^^^^^^^^^^

warning: missing documentation for a struct field
  --> core\src\validation.rs:67:16
   |
67 |     TooShort { min: usize, actual: usize },
   |                ^^^^^^^^^^

warning: missing documentation for a struct field
  --> core\src\validation.rs:67:28
   |
67 |     TooShort { min: usize, actual: usize },
   |                            ^^^^^^^^^^^^^

warning: missing documentation for a struct field
  --> core\src\validation.rs:69:15
   |
69 |     TooLong { max: usize, actual: usize },
   |               ^^^^^^^^^^

warning: missing documentation for a struct field
  --> core\src\validation.rs:69:27
   |
69 |     TooLong { max: usize, actual: usize },
   |                           ^^^^^^^^^^^^^

warning: missing documentation for a struct field
  --> core\src\validation.rs:71:21
   |
71 |     InvalidLength { expected: usize, actual: usize },
   |                     ^^^^^^^^^^^^^^^

warning: missing documentation for a struct field
  --> core\src\validation.rs:71:38
   |
71 |     InvalidLength { expected: usize, actual: usize },
   |                                      ^^^^^^^^^^^^^

warning: missing documentation for a struct field
  --> core\src\validation.rs:73:20
   |
73 |     InvalidBytes { reason: String },
   |                    ^^^^^^^^^^^^^^

warning: missing documentation for a struct field
  --> core\src\validation.rs:79:24
   |
79 |     CryptoValidation { reason: String },
   |                        ^^^^^^^^^^^^^^

warning: `sibna-core` (lib) generated 76 warnings (run `cargo fix --lib -p sibna-core` to apply 
17 suggestions)
   Compiling sibna-server v10.0.0 
(C:\Users\benso\Downloads\sibna-protc-main\sibna-protc-main\server)
   Compiling sibna-core v10.0.0 (C:\Users\benso\Downloads\sibna-protc-main\sibna-protc-main\core)
   Compiling sibna-tests v0.1.0 
(C:\Users\benso\Downloads\sibna-protc-main\sibna-protc-main\tests)
error[E0432]: unresolved import `x25519_dalek`
 --> tests\integration_tests.rs:9:5
  |
9 | use x25519_dalek::{StaticSecret, PublicKey};
  |     ^^^^^^^^^^^^ use of unresolved module or unlinked crate `x25519_dalek`
  |
  = help: if you wanted to use a crate named `x25519_dalek`, use `cargo add x25519_dalek` to add 
it to your `Cargo.toml`

error[E0603]: module `x3dh` is private
   --> tests\integration_tests.rs:243:32
    |
243 |     use sibna_core::handshake::x3dh::{x3dh_initiator, x3dh_responder, 
verify_shared_secret};
    |                                ^^^^ private module
    |
note: the module `x3dh` is defined here
   --> C:\Users\benso\Downloads\sibna-protc-main\sibna-protc-main\core\src\handshake\mod.rs:7:1
    |
  7 | mod x3dh;
    | ^^^^^^^^

error[E0603]: module `x3dh` is private
   --> tests\integration_tests.rs:273:32
    |
273 |     use sibna_core::handshake::x3dh::{x3dh_initiator, x3dh_responder, 
verify_shared_secret};
    |                                ^^^^ private module
    |
note: the module `x3dh` is defined here
   --> C:\Users\benso\Downloads\sibna-protc-main\sibna-protc-main\core\src\handshake\mod.rs:7:1
    |
  7 | mod x3dh;
    | ^^^^^^^^

error[E0502]: cannot borrow `ct` as immutable because it is also borrowed as mutable
   --> tests\integration_tests.rs:214:8
    |
214 |     ct[ct.len() - 1] ^= 0x01;
    |     ---^^-----------
    |     | ||
    |     | |immutable borrow occurs here
    |     | mutable borrow later used here
    |     mutable borrow occurs here
    |
help: try adding a local storing this...
   --> tests\integration_tests.rs:214:8
    |
214 |     ct[ct.len() - 1] ^= 0x01;
    |        ^^^^^^^^
help: ...and then using that local here
   --> tests\integration_tests.rs:214:7
    |
214 |     ct[ct.len() - 1] ^= 0x01;
    |       ^^^^^^^^^^^^^^

Some errors have detailed explanations: E0432, E0502, E0603.
For more information about an error, try `rustc --explain E0432`.
error: could not compile `sibna-tests` (test "integration_tests") due to 4 previous errors
warning: build failed, waiting for other jobs to finish...
warning: unused import: `CryptoHandler`
  --> core\src\ratchet\session.rs:10:28
   |
10 | use super::super::crypto::{CryptoHandler, Encryptor, constant_time_eq, SecureRandom, 
RatchetKdf};
   |                            ^^^^^^^^^^^^^

warning: unused import: `crate::keystore::IdentityKeyPair`
   --> core\src\handshake\builder.rs:367:9
    |
367 |     use crate::keystore::IdentityKeyPair;
    |         ^^^^^^^^^^^^^^^^^^^^^^^^^^^^^^^^

warning: unused import: `error`
  --> server\src\main.rs:18:27
   |
18 | use tracing::{info, warn, error};
   |                           ^^^^^
   |
   = note: `#[warn(unused_imports)]` (part of `#[warn(unused)]`) on by default

warning: `sibna-server` (bin "sibna-server" test) generated 1 warning (run `cargo fix --bin 
"sibna-server" -p sibna-server --tests` to apply 1 suggestion)
warning: field `config` is never read
   --> core\src\lib.rs:575:5
    |
573 | pub struct SessionManager {
    |            -------------- field in this struct
574 |     sessions: RwLock<std::collections::HashMap<Vec<u8>, 
Arc<RwLock<DoubleRatchetSession>>>>,
575 |     config: Config,
    |     ^^^^^^
    |
    = note: `#[warn(dead_code)]` (part of `#[warn(unused)]`) on by default

warning: missing documentation for a method
  --> core\src\crypto\random.rs:85:5
   |
85 |     pub fn needs_reseed(&self) -> bool { self.bytes_generated >= 
self.max_bytes_before_reseed }
   |     ^^^^^^^^^^^^^^^^^^^^^^^^^^^^^^^^^^

warning: `sibna-core` (lib test) generated 77 warnings (73 duplicates) (run `cargo fix --lib -p 
sibna-core --tests` to apply 2 suggestions)
